{
  "version": "1.5.0",
  "plugins_used": [
    {
      "name": "ArtifactoryDetector"
    },
    {
      "name": "AWSKeyDetector"
    },
    {
      "name": "AzureStorageKeyDetector"
    },
    {
      "name": "Base64HighEntropyString",
      "limit": 4.5
    },
    {
      "name": "BasicAuthDetector"
    },
    {
      "name": "CloudantDetector"
    },
    {
      "name": "DiscordBotTokenDetector"
    },
    {
      "name": "GitHubTokenDetector"
    },
    {
      "name": "GitLabTokenDetector"
    },
    {
      "name": "HexHighEntropyString",
      "limit": 3.0
    },
    {
      "name": "IbmCloudIamDetector"
    },
    {
      "name": "IbmCosHmacDetector"
    },
    {
      "name": "IPPublicDetector"
    },
    {
      "name": "JwtTokenDetector"
    },
    {
      "name": "KeywordDetector",
      "keyword_exclude": ""
    },
    {
      "name": "MailchimpDetector"
    },
    {
      "name": "NpmDetector"
    },
    {
      "name": "OpenAIDetector"
    },
    {
      "name": "PrivateKeyDetector"
    },
    {
      "name": "PypiTokenDetector"
    },
    {
      "name": "SendGridDetector"
    },
    {
      "name": "SlackDetector"
    },
    {
      "name": "SoftlayerDetector"
    },
    {
      "name": "SquareOAuthDetector"
    },
    {
      "name": "StripeDetector"
    },
    {
      "name": "TelegramBotTokenDetector"
    },
    {
      "name": "TwilioKeyDetector"
    }
  ],
  "filters_used": [
    {
      "path": "detect_secrets.filters.allowlist.is_line_allowlisted"
    },
    {
      "path": "detect_secrets.filters.common.is_ignored_due_to_verification_policies",
      "min_level": 2
    },
    {
      "path": "detect_secrets.filters.heuristic.is_indirect_reference"
    },
    {
      "path": "detect_secrets.filters.heuristic.is_likely_id_string"
    },
    {
      "path": "detect_secrets.filters.heuristic.is_lock_file"
    },
    {
      "path": "detect_secrets.filters.heuristic.is_not_alphanumeric_string"
    },
    {
      "path": "detect_secrets.filters.heuristic.is_potential_uuid"
    },
    {
      "path": "detect_secrets.filters.heuristic.is_prefixed_with_dollar_sign"
    },
    {
      "path": "detect_secrets.filters.heuristic.is_sequential_string"
    },
    {
      "path": "detect_secrets.filters.heuristic.is_swagger_file"
    },
    {
      "path": "detect_secrets.filters.heuristic.is_templated_secret"
    },
    {
      "path": "detect_secrets.filters.regex.should_exclude_file",
      "pattern": [
        ".*\\.jsonl$",
        ".*\\.lock$"
      ]
    }
  ],
  "results": {
    "data/secrets/credentials.json": [
      {
        "type": "AWS Access Key",
        "filename": "data/secrets/credentials.json",
        "hashed_secret": "25910f981e85ca04baf359199dd0bd4a3ae738b6",
        "is_verified": false,
        "line_number": 5
      },
      {
        "type": "AWS Access Key",
        "filename": "data/secrets/credentials.json",
        "hashed_secret": "d70eab08607a4d05faa2d0d6647206599e9abc65",
        "is_verified": false,
        "line_number": 6
      },
      {
        "type": "Base64 High Entropy String",
        "filename": "data/secrets/credentials.json",
        "hashed_secret": "d70eab08607a4d05faa2d0d6647206599e9abc65",
        "is_verified": false,
        "line_number": 6
      },
      {
        "type": "Secret Keyword",
        "filename": "data/secrets/credentials.json",
        "hashed_secret": "d70eab08607a4d05faa2d0d6647206599e9abc65",
        "is_verified": false,
        "line_number": 6
      },
      {
        "type": "Secret Keyword",
        "filename": "data/secrets/credentials.json",
        "hashed_secret": "bbc5def5ff61d2066dee44345c9cbd3f1446d78a",
        "is_verified": false,
        "line_number": 12
      },
      {
        "type": "Base64 High Entropy String",
        "filename": "data/secrets/credentials.json",
        "hashed_secret": "e3af347f57ea39af62cb4d21f2d6d944fe0ecdc9",
        "is_verified": false,
        "line_number": 17
      },
      {
        "type": "Secret Keyword",
        "filename": "data/secrets/credentials.json",
        "hashed_secret": "f72527467796f047ddfc098d33f6c504f7e716cb",
        "is_verified": false,
        "line_number": 18
      },
      {
        "type": "Basic Auth Credentials",
        "filename": "data/secrets/credentials.json",
        "hashed_secret": "9bffc8abe4194cda432338d6f9d47940ceba17c0",
        "is_verified": false,
        "line_number": 22
      }
    ],
    "results/full_eval/claude-sonnet-4-5-20250929_D0_run1.json": [
      {
        "type": "Base64 High Entropy String",
        "filename": "results/full_eval/claude-sonnet-4-5-20250929_D0_run1.json",
        "hashed_secret": "11f8a0556c0fe35e2a5ae66a3bba52836bfef5e1",
        "is_verified": false,
        "line_number": 7765
      },
      {
        "type": "Base64 High Entropy String",
        "filename": "results/full_eval/claude-sonnet-4-5-20250929_D0_run1.json",
        "hashed_secret": "1ccbfaa1297008ac49e1e88d14bb3936e0259f4b",
        "is_verified": false,
        "line_number": 7778
      },
      {
        "type": "Base64 High Entropy String",
        "filename": "results/full_eval/claude-sonnet-4-5-20250929_D0_run1.json",
        "hashed_secret": "c63e38f2c91bfbafc3a151bccf4902ae5128e20d",
        "is_verified": false,
        "line_number": 7781
      }
    ],
    "results/full_eval/claude-sonnet-4-5-20250929_D2_run1.json": [
      {
        "type": "Base64 High Entropy String",
        "filename": "results/full_eval/claude-sonnet-4-5-20250929_D2_run1.json",
        "hashed_secret": "11f8a0556c0fe35e2a5ae66a3bba52836bfef5e1",
        "is_verified": false,
        "line_number": 7800
      },
      {
        "type": "Base64 High Entropy String",
        "filename": "results/full_eval/claude-sonnet-4-5-20250929_D2_run1.json",
        "hashed_secret": "1ccbfaa1297008ac49e1e88d14bb3936e0259f4b",
        "is_verified": false,
        "line_number": 7813
      },
      {
        "type": "Base64 High Entropy String",
        "filename": "results/full_eval/claude-sonnet-4-5-20250929_D2_run1.json",
        "hashed_secret": "c63e38f2c91bfbafc3a151bccf4902ae5128e20d",
        "is_verified": false,
        "line_number": 12502
      }
    ],
    "results/full_eval/claude-sonnet-4-5-20250929_D3_run1.json": [
      {
        "type": "Base64 High Entropy String",
        "filename": "results/full_eval/claude-sonnet-4-5-20250929_D3_run1.json",
        "hashed_secret": "11f8a0556c0fe35e2a5ae66a3bba52836bfef5e1",
        "is_verified": false,
        "line_number": 7693
      },
      {
        "type": "Base64 High Entropy String",
        "filename": "results/full_eval/claude-sonnet-4-5-20250929_D3_run1.json",
        "hashed_secret": "1ccbfaa1297008ac49e1e88d14bb3936e0259f4b",
        "is_verified": false,
        "line_number": 7706
      },
      {
        "type": "Base64 High Entropy String",
        "filename": "results/full_eval/claude-sonnet-4-5-20250929_D3_run1.json",
        "hashed_secret": "c63e38f2c91bfbafc3a151bccf4902ae5128e20d",
        "is_verified": false,
        "line_number": 7709
      }
    ],
    "results/full_eval/claude-sonnet-4-5-20250929_D4_run1.json": [
      {
        "type": "Base64 High Entropy String",
        "filename": "results/full_eval/claude-sonnet-4-5-20250929_D4_run1.json",
        "hashed_secret": "11f8a0556c0fe35e2a5ae66a3bba52836bfef5e1",
        "is_verified": false,
        "line_number": 7756
      },
      {
        "type": "Base64 High Entropy String",
        "filename": "results/full_eval/claude-sonnet-4-5-20250929_D4_run1.json",
        "hashed_secret": "1ccbfaa1297008ac49e1e88d14bb3936e0259f4b",
        "is_verified": false,
        "line_number": 7769
      }
    ],
    "results/full_eval/claude-sonnet-4-5-20250929_D6_run1.json": [
      {
        "type": "Base64 High Entropy String",
        "filename": "results/full_eval/claude-sonnet-4-5-20250929_D6_run1.json",
        "hashed_secret": "11f8a0556c0fe35e2a5ae66a3bba52836bfef5e1",
        "is_verified": false,
        "line_number": 7434
      },
      {
        "type": "Base64 High Entropy String",
        "filename": "results/full_eval/claude-sonnet-4-5-20250929_D6_run1.json",
        "hashed_secret": "1ccbfaa1297008ac49e1e88d14bb3936e0259f4b",
        "is_verified": false,
        "line_number": 7447
      }
    ],
    "results/full_eval/claude-sonnet-4-5-20250929_D7_run1.json": [
      {
        "type": "Base64 High Entropy String",
        "filename": "results/full_eval/claude-sonnet-4-5-20250929_D7_run1.json",
        "hashed_secret": "11f8a0556c0fe35e2a5ae66a3bba52836bfef5e1",
        "is_verified": false,
        "line_number": 7701
      },
      {
        "type": "Base64 High Entropy String",
        "filename": "results/full_eval/claude-sonnet-4-5-20250929_D7_run1.json",
        "hashed_secret": "1ccbfaa1297008ac49e1e88d14bb3936e0259f4b",
        "is_verified": false,
        "line_number": 7714
      },
      {
        "type": "Base64 High Entropy String",
        "filename": "results/full_eval/claude-sonnet-4-5-20250929_D7_run1.json",
        "hashed_secret": "c63e38f2c91bfbafc3a151bccf4902ae5128e20d",
        "is_verified": false,
        "line_number": 7717
      }
    ],
    "results/full_eval/deepseek-v3-1-250821_D0_run1.json": [
      {
        "type": "Base64 High Entropy String",
        "filename": "results/full_eval/deepseek-v3-1-250821_D0_run1.json",
        "hashed_secret": "234e52bcaa4195914150409ac7fba61b15f4e6ef",
        "is_verified": false,
        "line_number": 1538
      },
      {
        "type": "Base64 High Entropy String",
        "filename": "results/full_eval/deepseek-v3-1-250821_D0_run1.json",
        "hashed_secret": "11f8a0556c0fe35e2a5ae66a3bba52836bfef5e1",
        "is_verified": false,
        "line_number": 4024
      },
      {
        "type": "Base64 High Entropy String",
        "filename": "results/full_eval/deepseek-v3-1-250821_D0_run1.json",
        "hashed_secret": "8dde4beea13c5d7be03afb81346062e635369e10",
        "is_verified": false,
        "line_number": 4181
      },
      {
        "type": "Base64 High Entropy String",
        "filename": "results/full_eval/deepseek-v3-1-250821_D0_run1.json",
        "hashed_secret": "aa9bbdb2a7fd356c561b2aedff527a93b17dab7c",
        "is_verified": false,
        "line_number": 4183
      },
      {
        "type": "Base64 High Entropy String",
        "filename": "results/full_eval/deepseek-v3-1-250821_D0_run1.json",
        "hashed_secret": "1ccbfaa1297008ac49e1e88d14bb3936e0259f4b",
        "is_verified": false,
        "line_number": 5292
      },
      {
        "type": "Base64 High Entropy String",
        "filename": "results/full_eval/deepseek-v3-1-250821_D0_run1.json",
        "hashed_secret": "44c7cf932020c45b6a7c5155f2f9d96519526f11",
        "is_verified": false,
        "line_number": 6760
      },
      {
        "type": "Base64 High Entropy String",
        "filename": "results/full_eval/deepseek-v3-1-250821_D0_run1.json",
        "hashed_secret": "b211b43b9852a58e499430803f9e0954a5170954",
        "is_verified": false,
        "line_number": 8107
      },
      {
        "type": "Base64 High Entropy String",
        "filename": "results/full_eval/deepseek-v3-1-250821_D0_run1.json",
        "hashed_secret": "c63e38f2c91bfbafc3a151bccf4902ae5128e20d",
        "is_verified": false,
        "line_number": 8424
      }
    ],
    "results/full_eval/deepseek-v3-1-250821_D2_run1.json": [
      {
        "type": "Base64 High Entropy String",
        "filename": "results/full_eval/deepseek-v3-1-250821_D2_run1.json",
        "hashed_secret": "11f8a0556c0fe35e2a5ae66a3bba52836bfef5e1",
        "is_verified": false,
        "line_number": 3949
      },
      {
        "type": "Base64 High Entropy String",
        "filename": "results/full_eval/deepseek-v3-1-250821_D2_run1.json",
        "hashed_secret": "8dde4beea13c5d7be03afb81346062e635369e10",
        "is_verified": false,
        "line_number": 4074
      },
      {
        "type": "Base64 High Entropy String",
        "filename": "results/full_eval/deepseek-v3-1-250821_D2_run1.json",
        "hashed_secret": "44c7cf932020c45b6a7c5155f2f9d96519526f11",
        "is_verified": false,
        "line_number": 6543
      },
      {
        "type": "Secret Keyword",
        "filename": "results/full_eval/deepseek-v3-1-250821_D2_run1.json",
        "hashed_secret": "adcfd59afd917b58d7a74785af8cc1506fa4eadc",
        "is_verified": false,
        "line_number": 9208
      },
      {
        "type": "Base64 High Entropy String",
        "filename": "results/full_eval/deepseek-v3-1-250821_D2_run1.json",
        "hashed_secret": "1ccbfaa1297008ac49e1e88d14bb3936e0259f4b",
        "is_verified": false,
        "line_number": 9379
      }
    ],
    "results/full_eval/deepseek-v3-1-250821_D3_run1.json": [
      {
        "type": "Base64 High Entropy String",
        "filename": "results/full_eval/deepseek-v3-1-250821_D3_run1.json",
        "hashed_secret": "11f8a0556c0fe35e2a5ae66a3bba52836bfef5e1",
        "is_verified": false,
        "line_number": 4030
      },
      {
        "type": "Base64 High Entropy String",
        "filename": "results/full_eval/deepseek-v3-1-250821_D3_run1.json",
        "hashed_secret": "8dde4beea13c5d7be03afb81346062e635369e10",
        "is_verified": false,
        "line_number": 4202
      },
      {
        "type": "Base64 High Entropy String",
        "filename": "results/full_eval/deepseek-v3-1-250821_D3_run1.json",
        "hashed_secret": "aa9bbdb2a7fd356c561b2aedff527a93b17dab7c",
        "is_verified": false,
        "line_number": 4204
      },
      {
        "type": "Secret Keyword",
        "filename": "results/full_eval/deepseek-v3-1-250821_D3_run1.json",
        "hashed_secret": "dee81e7c5c34ddc8bc53cef591410d3db6dacd46",
        "is_verified": false,
        "line_number": 6172
      },
      {
        "type": "Base64 High Entropy String",
        "filename": "results/full_eval/deepseek-v3-1-250821_D3_run1.json",
        "hashed_secret": "44c7cf932020c45b6a7c5155f2f9d96519526f11",
        "is_verified": false,
        "line_number": 6743
      },
      {
        "type": "Base64 High Entropy String",
        "filename": "results/full_eval/deepseek-v3-1-250821_D3_run1.json",
        "hashed_secret": "1ccbfaa1297008ac49e1e88d14bb3936e0259f4b",
        "is_verified": false,
        "line_number": 8006
      },
      {
        "type": "Base64 High Entropy String",
        "filename": "results/full_eval/deepseek-v3-1-250821_D3_run1.json",
        "hashed_secret": "c63e38f2c91bfbafc3a151bccf4902ae5128e20d",
        "is_verified": false,
        "line_number": 8008
      }
    ],
    "results/full_eval/deepseek-v3-1-250821_D4_run1.json": [
      {
        "type": "Base64 High Entropy String",
        "filename": "results/full_eval/deepseek-v3-1-250821_D4_run1.json",
        "hashed_secret": "11f8a0556c0fe35e2a5ae66a3bba52836bfef5e1",
        "is_verified": false,
        "line_number": 4065
      },
      {
        "type": "Base64 High Entropy String",
        "filename": "results/full_eval/deepseek-v3-1-250821_D4_run1.json",
        "hashed_secret": "8dde4beea13c5d7be03afb81346062e635369e10",
        "is_verified": false,
        "line_number": 4148
      },
      {
        "type": "Secret Keyword",
        "filename": "results/full_eval/deepseek-v3-1-250821_D4_run1.json",
        "hashed_secret": "dee81e7c5c34ddc8bc53cef591410d3db6dacd46",
        "is_verified": false,
        "line_number": 6302
      },
      {
        "type": "Base64 High Entropy String",
        "filename": "results/full_eval/deepseek-v3-1-250821_D4_run1.json",
        "hashed_secret": "44c7cf932020c45b6a7c5155f2f9d96519526f11",
        "is_verified": false,
        "line_number": 6871
      },
      {
        "type": "Base64 High Entropy String",
        "filename": "results/full_eval/deepseek-v3-1-250821_D4_run1.json",
        "hashed_secret": "1ccbfaa1297008ac49e1e88d14bb3936e0259f4b",
        "is_verified": false,
        "line_number": 8139
      }
    ],
    "results/full_eval/deepseek-v3-1-250821_D6_run1.json": [
      {
        "type": "Base64 High Entropy String",
        "filename": "results/full_eval/deepseek-v3-1-250821_D6_run1.json",
        "hashed_secret": "11f8a0556c0fe35e2a5ae66a3bba52836bfef5e1",
        "is_verified": false,
        "line_number": 3967
      },
      {
        "type": "Base64 High Entropy String",
        "filename": "results/full_eval/deepseek-v3-1-250821_D6_run1.json",
        "hashed_secret": "8dde4beea13c5d7be03afb81346062e635369e10",
        "is_verified": false,
        "line_number": 4109
      },
      {
        "type": "Base64 High Entropy String",
        "filename": "results/full_eval/deepseek-v3-1-250821_D6_run1.json",
        "hashed_secret": "44c7cf932020c45b6a7c5155f2f9d96519526f11",
        "is_verified": false,
        "line_number": 6456
      },
      {
        "type": "Base64 High Entropy String",
        "filename": "results/full_eval/deepseek-v3-1-250821_D6_run1.json",
        "hashed_secret": "1ccbfaa1297008ac49e1e88d14bb3936e0259f4b",
        "is_verified": false,
        "line_number": 8118
      },
      {
        "type": "Base64 High Entropy String",
        "filename": "results/full_eval/deepseek-v3-1-250821_D6_run1.json",
        "hashed_secret": "aa9bbdb2a7fd356c561b2aedff527a93b17dab7c",
        "is_verified": false,
        "line_number": 12707
      }
    ],
    "results/full_eval/deepseek-v3-1-250821_D7_run1.json": [
      {
        "type": "Base64 High Entropy String",
        "filename": "results/full_eval/deepseek-v3-1-250821_D7_run1.json",
        "hashed_secret": "11f8a0556c0fe35e2a5ae66a3bba52836bfef5e1",
        "is_verified": false,
        "line_number": 4131
      },
      {
        "type": "Base64 High Entropy String",
        "filename": "results/full_eval/deepseek-v3-1-250821_D7_run1.json",
        "hashed_secret": "8dde4beea13c5d7be03afb81346062e635369e10",
        "is_verified": false,
        "line_number": 4320
      },
      {
        "type": "Base64 High Entropy String",
        "filename": "results/full_eval/deepseek-v3-1-250821_D7_run1.json",
        "hashed_secret": "aa9bbdb2a7fd356c561b2aedff527a93b17dab7c",
        "is_verified": false,
        "line_number": 4322
      },
      {
        "type": "Base64 High Entropy String",
        "filename": "results/full_eval/deepseek-v3-1-250821_D7_run1.json",
        "hashed_secret": "44c7cf932020c45b6a7c5155f2f9d96519526f11",
        "is_verified": false,
        "line_number": 6832
      },
      {
        "type": "Base64 High Entropy String",
        "filename": "results/full_eval/deepseek-v3-1-250821_D7_run1.json",
        "hashed_secret": "b211b43b9852a58e499430803f9e0954a5170954",
        "is_verified": false,
        "line_number": 8105
      },
      {
        "type": "Base64 High Entropy String",
        "filename": "results/full_eval/deepseek-v3-1-250821_D7_run1.json",
        "hashed_secret": "1ccbfaa1297008ac49e1e88d14bb3936e0259f4b",
        "is_verified": false,
        "line_number": 8484
      },
      {
        "type": "Base64 High Entropy String",
        "filename": "results/full_eval/deepseek-v3-1-250821_D7_run1.json",
        "hashed_secret": "c63e38f2c91bfbafc3a151bccf4902ae5128e20d",
        "is_verified": false,
        "line_number": 8486
      },
      {
        "type": "Secret Keyword",
        "filename": "results/full_eval/deepseek-v3-1-250821_D7_run1.json",
        "hashed_secret": "861a3d8d91a421a6f9bafa4da72b9f5caf5890d7",
        "is_verified": false,
        "line_number": 9757
      }
    ],
    "results/full_eval/gemini-2.5-flash_D0_run1.json": [
      {
        "type": "Base64 High Entropy String",
        "filename": "results/full_eval/gemini-2.5-flash_D0_run1.json",
        "hashed_secret": "44c7cf932020c45b6a7c5155f2f9d96519526f11",
        "is_verified": false,
        "line_number": 82
      },
      {
        "type": "Base64 High Entropy String",
        "filename": "results/full_eval/gemini-2.5-flash_D0_run1.json",
        "hashed_secret": "234e52bcaa4195914150409ac7fba61b15f4e6ef",
        "is_verified": false,
        "line_number": 1628
      },
      {
        "type": "Base64 High Entropy String",
        "filename": "results/full_eval/gemini-2.5-flash_D0_run1.json",
        "hashed_secret": "11f8a0556c0fe35e2a5ae66a3bba52836bfef5e1",
        "is_verified": false,
        "line_number": 4084
      },
      {
        "type": "Base64 High Entropy String",
        "filename": "results/full_eval/gemini-2.5-flash_D0_run1.json",
        "hashed_secret": "8dde4beea13c5d7be03afb81346062e635369e10",
        "is_verified": false,
        "line_number": 4183
      },
      {
        "type": "Base64 High Entropy String",
        "filename": "results/full_eval/gemini-2.5-flash_D0_run1.json",
        "hashed_secret": "aa9bbdb2a7fd356c561b2aedff527a93b17dab7c",
        "is_verified": false,
        "line_number": 4187
      },
      {
        "type": "Base64 High Entropy String",
        "filename": "results/full_eval/gemini-2.5-flash_D0_run1.json",
        "hashed_secret": "1ccbfaa1297008ac49e1e88d14bb3936e0259f4b",
        "is_verified": false,
        "line_number": 8048
      },
      {
        "type": "Base64 High Entropy String",
        "filename": "results/full_eval/gemini-2.5-flash_D0_run1.json",
        "hashed_secret": "c63e38f2c91bfbafc3a151bccf4902ae5128e20d",
        "is_verified": false,
        "line_number": 8051
      }
    ],
    "results/full_eval/gemini-2.5-flash_D1_run1.json": [
      {
        "type": "Base64 High Entropy String",
        "filename": "results/full_eval/gemini-2.5-flash_D1_run1.json",
        "hashed_secret": "11f8a0556c0fe35e2a5ae66a3bba52836bfef5e1",
        "is_verified": false,
        "line_number": 3204
      },
      {
        "type": "Base64 High Entropy String",
        "filename": "results/full_eval/gemini-2.5-flash_D1_run1.json",
        "hashed_secret": "8dde4beea13c5d7be03afb81346062e635369e10",
        "is_verified": false,
        "line_number": 3217
      },
      {
        "type": "Base64 High Entropy String",
        "filename": "results/full_eval/gemini-2.5-flash_D1_run1.json",
        "hashed_secret": "aa9bbdb2a7fd356c561b2aedff527a93b17dab7c",
        "is_verified": false,
        "line_number": 3221
      }
    ],
    "results/full_eval/gemini-2.5-flash_D2_run1.json": [
      {
        "type": "Base64 High Entropy String",
        "filename": "results/full_eval/gemini-2.5-flash_D2_run1.json",
        "hashed_secret": "11f8a0556c0fe35e2a5ae66a3bba52836bfef5e1",
        "is_verified": false,
        "line_number": 3747
      },
      {
        "type": "Base64 High Entropy String",
        "filename": "results/full_eval/gemini-2.5-flash_D2_run1.json",
        "hashed_secret": "44c7cf932020c45b6a7c5155f2f9d96519526f11",
        "is_verified": false,
        "line_number": 3760
      },
      {
        "type": "Base64 High Entropy String",
        "filename": "results/full_eval/gemini-2.5-flash_D2_run1.json",
        "hashed_secret": "8dde4beea13c5d7be03afb81346062e635369e10",
        "is_verified": false,
        "line_number": 4000
      },
      {
        "type": "Base64 High Entropy String",
        "filename": "results/full_eval/gemini-2.5-flash_D2_run1.json",
        "hashed_secret": "234e52bcaa4195914150409ac7fba61b15f4e6ef",
        "is_verified": false,
        "line_number": 8244
      },
      {
        "type": "Base64 High Entropy String",
        "filename": "results/full_eval/gemini-2.5-flash_D2_run1.json",
        "hashed_secret": "1ccbfaa1297008ac49e1e88d14bb3936e0259f4b",
        "is_verified": false,
        "line_number": 8422
      },
      {
        "type": "Secret Keyword",
        "filename": "results/full_eval/gemini-2.5-flash_D2_run1.json",
        "hashed_secret": "44c7cf932020c45b6a7c5155f2f9d96519526f11",
        "is_verified": false,
        "line_number": 8513
      },
      {
        "type": "Secret Keyword",
        "filename": "results/full_eval/gemini-2.5-flash_D2_run1.json",
        "hashed_secret": "234e52bcaa4195914150409ac7fba61b15f4e6ef",
        "is_verified": false,
        "line_number": 9048
      },
      {
        "type": "Base64 High Entropy String",
        "filename": "results/full_eval/gemini-2.5-flash_D2_run1.json",
        "hashed_secret": "0717634d917d6bc5ff068c2b5a7206f2b5b4ca64",
        "is_verified": false,
        "line_number": 10081
      }
    ],
    "results/full_eval/gemini-2.5-flash_D3_run1.json": [
      {
        "type": "Base64 High Entropy String",
        "filename": "results/full_eval/gemini-2.5-flash_D3_run1.json",
        "hashed_secret": "44c7cf932020c45b6a7c5155f2f9d96519526f11",
        "is_verified": false,
        "line_number": 82
      },
      {
        "type": "Base64 High Entropy String",
        "filename": "results/full_eval/gemini-2.5-flash_D3_run1.json",
        "hashed_secret": "234e52bcaa4195914150409ac7fba61b15f4e6ef",
        "is_verified": false,
        "line_number": 1578
      },
      {
        "type": "Base64 High Entropy String",
        "filename": "results/full_eval/gemini-2.5-flash_D3_run1.json",
        "hashed_secret": "11f8a0556c0fe35e2a5ae66a3bba52836bfef5e1",
        "is_verified": false,
        "line_number": 4086
      },
      {
        "type": "Base64 High Entropy String",
        "filename": "results/full_eval/gemini-2.5-flash_D3_run1.json",
        "hashed_secret": "8dde4beea13c5d7be03afb81346062e635369e10",
        "is_verified": false,
        "line_number": 4200
      },
      {
        "type": "Base64 High Entropy String",
        "filename": "results/full_eval/gemini-2.5-flash_D3_run1.json",
        "hashed_secret": "aa9bbdb2a7fd356c561b2aedff527a93b17dab7c",
        "is_verified": false,
        "line_number": 4204
      },
      {
        "type": "Base64 High Entropy String",
        "filename": "results/full_eval/gemini-2.5-flash_D3_run1.json",
        "hashed_secret": "1ccbfaa1297008ac49e1e88d14bb3936e0259f4b",
        "is_verified": false,
        "line_number": 8604
      },
      {
        "type": "Base64 High Entropy String",
        "filename": "results/full_eval/gemini-2.5-flash_D3_run1.json",
        "hashed_secret": "b211b43b9852a58e499430803f9e0954a5170954",
        "is_verified": false,
        "line_number": 8873
      },
      {
        "type": "Base64 High Entropy String",
        "filename": "results/full_eval/gemini-2.5-flash_D3_run1.json",
        "hashed_secret": "d034abff054973d31ce3e75793ebc18823fc1ef5",
        "is_verified": false,
        "line_number": 8886
      },
      {
        "type": "Base64 High Entropy String",
        "filename": "results/full_eval/gemini-2.5-flash_D3_run1.json",
        "hashed_secret": "c63e38f2c91bfbafc3a151bccf4902ae5128e20d",
        "is_verified": false,
        "line_number": 9040
      },
      {
        "type": "Base64 High Entropy String",
        "filename": "results/full_eval/gemini-2.5-flash_D3_run1.json",
        "hashed_secret": "518637b4f2773934b09060336598e926b00277cf",
        "is_verified": false,
        "line_number": 9891
      },
      {
        "type": "Secret Keyword",
        "filename": "results/full_eval/gemini-2.5-flash_D3_run1.json",
        "hashed_secret": "719d49255665d24e7d9c4e92c454982dc38de607",
        "is_verified": false,
        "line_number": 10160
      }
    ],
    "results/full_eval/gemini-2.5-flash_D4_run1.json": [
      {
        "type": "Base64 High Entropy String",
        "filename": "results/full_eval/gemini-2.5-flash_D4_run1.json",
        "hashed_secret": "11f8a0556c0fe35e2a5ae66a3bba52836bfef5e1",
        "is_verified": false,
        "line_number": 3807
      },
      {
        "type": "Base64 High Entropy String",
        "filename": "results/full_eval/gemini-2.5-flash_D4_run1.json",
        "hashed_secret": "44c7cf932020c45b6a7c5155f2f9d96519526f11",
        "is_verified": false,
        "line_number": 3820
      },
      {
        "type": "Base64 High Entropy String",
        "filename": "results/full_eval/gemini-2.5-flash_D4_run1.json",
        "hashed_secret": "8dde4beea13c5d7be03afb81346062e635369e10",
        "is_verified": false,
        "line_number": 4215
      },
      {
        "type": "Base64 High Entropy String",
        "filename": "results/full_eval/gemini-2.5-flash_D4_run1.json",
        "hashed_secret": "1ccbfaa1297008ac49e1e88d14bb3936e0259f4b",
        "is_verified": false,
        "line_number": 8076
      },
      {
        "type": "Base64 High Entropy String",
        "filename": "results/full_eval/gemini-2.5-flash_D4_run1.json",
        "hashed_secret": "234e52bcaa4195914150409ac7fba61b15f4e6ef",
        "is_verified": false,
        "line_number": 8914
      }
    ],
    "results/full_eval/gemini-2.5-flash_D5_run1.json": [
      {
        "type": "Base64 High Entropy String",
        "filename": "results/full_eval/gemini-2.5-flash_D5_run1.json",
        "hashed_secret": "1ccbfaa1297008ac49e1e88d14bb3936e0259f4b",
        "is_verified": false,
        "line_number": 6296
      }
    ],
    "results/full_eval/gemini-2.5-flash_D6_run1.json": [
      {
        "type": "Base64 High Entropy String",
        "filename": "results/full_eval/gemini-2.5-flash_D6_run1.json",
        "hashed_secret": "11f8a0556c0fe35e2a5ae66a3bba52836bfef5e1",
        "is_verified": false,
        "line_number": 4086
      },
      {
        "type": "Base64 High Entropy String",
        "filename": "results/full_eval/gemini-2.5-flash_D6_run1.json",
        "hashed_secret": "44c7cf932020c45b6a7c5155f2f9d96519526f11",
        "is_verified": false,
        "line_number": 4099
      },
      {
        "type": "Base64 High Entropy String",
        "filename": "results/full_eval/gemini-2.5-flash_D6_run1.json",
        "hashed_secret": "8dde4beea13c5d7be03afb81346062e635369e10",
        "is_verified": false,
        "line_number": 4185
      },
      {
        "type": "Base64 High Entropy String",
        "filename": "results/full_eval/gemini-2.5-flash_D6_run1.json",
        "hashed_secret": "96dcc0dfbbe48e6c03c4ddff305742dccfb27c79",
        "is_verified": false,
        "line_number": 7893
      },
      {
        "type": "Base64 High Entropy String",
        "filename": "results/full_eval/gemini-2.5-flash_D6_run1.json",
        "hashed_secret": "234e52bcaa4195914150409ac7fba61b15f4e6ef",
        "is_verified": false,
        "line_number": 8957
      },
      {
        "type": "Base64 High Entropy String",
        "filename": "results/full_eval/gemini-2.5-flash_D6_run1.json",
        "hashed_secret": "1ccbfaa1297008ac49e1e88d14bb3936e0259f4b",
        "is_verified": false,
        "line_number": 9240
      },
      {
        "type": "Base64 High Entropy String",
        "filename": "results/full_eval/gemini-2.5-flash_D6_run1.json",
        "hashed_secret": "518637b4f2773934b09060336598e926b00277cf",
        "is_verified": false,
        "line_number": 10296
      }
    ],
    "results/full_eval/gemini-2.5-flash_D7_run1.json": [
      {
        "type": "Base64 High Entropy String",
        "filename": "results/full_eval/gemini-2.5-flash_D7_run1.json",
        "hashed_secret": "234e52bcaa4195914150409ac7fba61b15f4e6ef",
        "is_verified": false,
        "line_number": 1657
      },
      {
        "type": "Base64 High Entropy String",
        "filename": "results/full_eval/gemini-2.5-flash_D7_run1.json",
        "hashed_secret": "11f8a0556c0fe35e2a5ae66a3bba52836bfef5e1",
        "is_verified": false,
        "line_number": 3933
      },
      {
        "type": "Base64 High Entropy String",
        "filename": "results/full_eval/gemini-2.5-flash_D7_run1.json",
        "hashed_secret": "44c7cf932020c45b6a7c5155f2f9d96519526f11",
        "is_verified": false,
        "line_number": 3961
      },
      {
        "type": "Base64 High Entropy String",
        "filename": "results/full_eval/gemini-2.5-flash_D7_run1.json",
        "hashed_secret": "8dde4beea13c5d7be03afb81346062e635369e10",
        "is_verified": false,
        "line_number": 4367
      },
      {
        "type": "Base64 High Entropy String",
        "filename": "results/full_eval/gemini-2.5-flash_D7_run1.json",
        "hashed_secret": "aa9bbdb2a7fd356c561b2aedff527a93b17dab7c",
        "is_verified": false,
        "line_number": 4371
      },
      {
        "type": "Base64 High Entropy String",
        "filename": "results/full_eval/gemini-2.5-flash_D7_run1.json",
        "hashed_secret": "1ccbfaa1297008ac49e1e88d14bb3936e0259f4b",
        "is_verified": false,
        "line_number": 8976
      },
      {
        "type": "Base64 High Entropy String",
        "filename": "results/full_eval/gemini-2.5-flash_D7_run1.json",
        "hashed_secret": "c63e38f2c91bfbafc3a151bccf4902ae5128e20d",
        "is_verified": false,
        "line_number": 9412
      },
      {
        "type": "Base64 High Entropy String",
        "filename": "results/full_eval/gemini-2.5-flash_D7_run1.json",
        "hashed_secret": "d034abff054973d31ce3e75793ebc18823fc1ef5",
        "is_verified": false,
        "line_number": 9643
      },
      {
        "type": "Base64 High Entropy String",
        "filename": "results/full_eval/gemini-2.5-flash_D7_run1.json",
        "hashed_secret": "3e2c227b63d6efb786e6a49d68f368923bc63330",
        "is_verified": false,
        "line_number": 9646
      },
      {
        "type": "Secret Keyword",
        "filename": "results/full_eval/gemini-2.5-flash_D7_run1.json",
        "hashed_secret": "234e52bcaa4195914150409ac7fba61b15f4e6ef",
        "is_verified": false,
        "line_number": 9924
      }
    ],
    "results/full_eval/gpt-4o-mini_D0_run1.json": [
      {
        "type": "Base64 High Entropy String",
        "filename": "results/full_eval/gpt-4o-mini_D0_run1.json",
        "hashed_secret": "9407769eaa21409e0f564cc7b664fed78d4edaaf",
        "is_verified": false,
        "line_number": 1746
      },
      {
        "type": "Base64 High Entropy String",
        "filename": "results/full_eval/gpt-4o-mini_D0_run1.json",
        "hashed_secret": "11f8a0556c0fe35e2a5ae66a3bba52836bfef5e1",
        "is_verified": false,
        "line_number": 4290
      },
      {
        "type": "Base64 High Entropy String",
        "filename": "results/full_eval/gpt-4o-mini_D0_run1.json",
        "hashed_secret": "8dde4beea13c5d7be03afb81346062e635369e10",
        "is_verified": false,
        "line_number": 4430
      },
      {
        "type": "Base64 High Entropy String",
        "filename": "results/full_eval/gpt-4o-mini_D0_run1.json",
        "hashed_secret": "aa9bbdb2a7fd356c561b2aedff527a93b17dab7c",
        "is_verified": false,
        "line_number": 4434
      },
      {
        "type": "Base64 High Entropy String",
        "filename": "results/full_eval/gpt-4o-mini_D0_run1.json",
        "hashed_secret": "44c7cf932020c45b6a7c5155f2f9d96519526f11",
        "is_verified": false,
        "line_number": 14137
      },
      {
        "type": "Base64 High Entropy String",
        "filename": "results/full_eval/gpt-4o-mini_D0_run1.json",
        "hashed_secret": "c486a2fdf48ca48e20392ce8c22ba5615679cf65",
        "is_verified": false,
        "line_number": 15092
      },
      {
        "type": "Base64 High Entropy String",
        "filename": "results/full_eval/gpt-4o-mini_D0_run1.json",
        "hashed_secret": "1ccbfaa1297008ac49e1e88d14bb3936e0259f4b",
        "is_verified": false,
        "line_number": 15616
      },
      {
        "type": "Base64 High Entropy String",
        "filename": "results/full_eval/gpt-4o-mini_D0_run1.json",
        "hashed_secret": "c63e38f2c91bfbafc3a151bccf4902ae5128e20d",
        "is_verified": false,
        "line_number": 15619
      }
    ],
    "results/full_eval/gpt-4o-mini_D1_run1.json": [
      {
        "type": "Base64 High Entropy String",
        "filename": "results/full_eval/gpt-4o-mini_D1_run1.json",
        "hashed_secret": "8dde4beea13c5d7be03afb81346062e635369e10",
        "is_verified": false,
        "line_number": 1115
      },
      {
        "type": "Base64 High Entropy String",
        "filename": "results/full_eval/gpt-4o-mini_D1_run1.json",
        "hashed_secret": "11f8a0556c0fe35e2a5ae66a3bba52836bfef5e1",
        "is_verified": false,
        "line_number": 3416
      },
      {
        "type": "Base64 High Entropy String",
        "filename": "results/full_eval/gpt-4o-mini_D1_run1.json",
        "hashed_secret": "aa9bbdb2a7fd356c561b2aedff527a93b17dab7c",
        "is_verified": false,
        "line_number": 7480
      },
      {
        "type": "Base64 High Entropy String",
        "filename": "results/full_eval/gpt-4o-mini_D1_run1.json",
        "hashed_secret": "1ccbfaa1297008ac49e1e88d14bb3936e0259f4b",
        "is_verified": false,
        "line_number": 7817
      },
      {
        "type": "Base64 High Entropy String",
        "filename": "results/full_eval/gpt-4o-mini_D1_run1.json",
        "hashed_secret": "c63e38f2c91bfbafc3a151bccf4902ae5128e20d",
        "is_verified": false,
        "line_number": 7820
      }
    ],
    "results/full_eval/gpt-4o-mini_D2_run1.json": [
      {
        "type": "Base64 High Entropy String",
        "filename": "results/full_eval/gpt-4o-mini_D2_run1.json",
        "hashed_secret": "11f8a0556c0fe35e2a5ae66a3bba52836bfef5e1",
        "is_verified": false,
        "line_number": 4074
      },
      {
        "type": "Base64 High Entropy String",
        "filename": "results/full_eval/gpt-4o-mini_D2_run1.json",
        "hashed_secret": "8dde4beea13c5d7be03afb81346062e635369e10",
        "is_verified": false,
        "line_number": 4197
      },
      {
        "type": "Base64 High Entropy String",
        "filename": "results/full_eval/gpt-4o-mini_D2_run1.json",
        "hashed_secret": "44c7cf932020c45b6a7c5155f2f9d96519526f11",
        "is_verified": false,
        "line_number": 8135
      },
      {
        "type": "Base64 High Entropy String",
        "filename": "results/full_eval/gpt-4o-mini_D2_run1.json",
        "hashed_secret": "777779909cfb6c16ff0780388f01fc915480a203",
        "is_verified": false,
        "line_number": 10577
      },
      {
        "type": "Base64 High Entropy String",
        "filename": "results/full_eval/gpt-4o-mini_D2_run1.json",
        "hashed_secret": "1ccbfaa1297008ac49e1e88d14bb3936e0259f4b",
        "is_verified": false,
        "line_number": 11120
      }
    ],
    "results/full_eval/gpt-4o-mini_D3_run1.json": [
      {
        "type": "Base64 High Entropy String",
        "filename": "results/full_eval/gpt-4o-mini_D3_run1.json",
        "hashed_secret": "777779909cfb6c16ff0780388f01fc915480a203",
        "is_verified": false,
        "line_number": 1690
      },
      {
        "type": "Base64 High Entropy String",
        "filename": "results/full_eval/gpt-4o-mini_D3_run1.json",
        "hashed_secret": "11f8a0556c0fe35e2a5ae66a3bba52836bfef5e1",
        "is_verified": false,
        "line_number": 4256
      },
      {
        "type": "Base64 High Entropy String",
        "filename": "results/full_eval/gpt-4o-mini_D3_run1.json",
        "hashed_secret": "8dde4beea13c5d7be03afb81346062e635369e10",
        "is_verified": false,
        "line_number": 4396
      },
      {
        "type": "Base64 High Entropy String",
        "filename": "results/full_eval/gpt-4o-mini_D3_run1.json",
        "hashed_secret": "aa9bbdb2a7fd356c561b2aedff527a93b17dab7c",
        "is_verified": false,
        "line_number": 4400
      },
      {
        "type": "Base64 High Entropy String",
        "filename": "results/full_eval/gpt-4o-mini_D3_run1.json",
        "hashed_secret": "44c7cf932020c45b6a7c5155f2f9d96519526f11",
        "is_verified": false,
        "line_number": 4637
      },
      {
        "type": "Base64 High Entropy String",
        "filename": "results/full_eval/gpt-4o-mini_D3_run1.json",
        "hashed_secret": "42e4e6d3c38cd4ef2514f759d0bfe00d1679be29",
        "is_verified": false,
        "line_number": 12028
      },
      {
        "type": "Base64 High Entropy String",
        "filename": "results/full_eval/gpt-4o-mini_D3_run1.json",
        "hashed_secret": "1ccbfaa1297008ac49e1e88d14bb3936e0259f4b",
        "is_verified": false,
        "line_number": 12568
      },
      {
        "type": "Base64 High Entropy String",
        "filename": "results/full_eval/gpt-4o-mini_D3_run1.json",
        "hashed_secret": "c63e38f2c91bfbafc3a151bccf4902ae5128e20d",
        "is_verified": false,
        "line_number": 12571
      }
    ],
    "results/full_eval/gpt-4o-mini_D4_run1.json": [
      {
        "type": "Base64 High Entropy String",
        "filename": "results/full_eval/gpt-4o-mini_D4_run1.json",
        "hashed_secret": "11f8a0556c0fe35e2a5ae66a3bba52836bfef5e1",
        "is_verified": false,
        "line_number": 4139
      },
      {
        "type": "Base64 High Entropy String",
        "filename": "results/full_eval/gpt-4o-mini_D4_run1.json",
        "hashed_secret": "8dde4beea13c5d7be03afb81346062e635369e10",
        "is_verified": false,
        "line_number": 4279
      },
      {
        "type": "Base64 High Entropy String",
        "filename": "results/full_eval/gpt-4o-mini_D4_run1.json",
        "hashed_secret": "aa9bbdb2a7fd356c561b2aedff527a93b17dab7c",
        "is_verified": false,
        "line_number": 4292
      },
      {
        "type": "Base64 High Entropy String",
        "filename": "results/full_eval/gpt-4o-mini_D4_run1.json",
        "hashed_secret": "44c7cf932020c45b6a7c5155f2f9d96519526f11",
        "is_verified": false,
        "line_number": 4584
      },
      {
        "type": "Base64 High Entropy String",
        "filename": "results/full_eval/gpt-4o-mini_D4_run1.json",
        "hashed_secret": "1ccbfaa1297008ac49e1e88d14bb3936e0259f4b",
        "is_verified": false,
        "line_number": 10072
      },
      {
        "type": "Base64 High Entropy String",
        "filename": "results/full_eval/gpt-4o-mini_D4_run1.json",
        "hashed_secret": "777779909cfb6c16ff0780388f01fc915480a203",
        "is_verified": false,
        "line_number": 11048
      }
    ],
    "results/full_eval/gpt-4o-mini_D6_run1.json": [
      {
        "type": "Base64 High Entropy String",
        "filename": "results/full_eval/gpt-4o-mini_D6_run1.json",
        "hashed_secret": "11f8a0556c0fe35e2a5ae66a3bba52836bfef5e1",
        "is_verified": false,
        "line_number": 4089
      },
      {
        "type": "Base64 High Entropy String",
        "filename": "results/full_eval/gpt-4o-mini_D6_run1.json",
        "hashed_secret": "44c7cf932020c45b6a7c5155f2f9d96519526f11",
        "is_verified": false,
        "line_number": 4454
      },
      {
        "type": "Base64 High Entropy String",
        "filename": "results/full_eval/gpt-4o-mini_D6_run1.json",
        "hashed_secret": "1ccbfaa1297008ac49e1e88d14bb3936e0259f4b",
        "is_verified": false,
        "line_number": 11254
      },
      {
        "type": "Base64 High Entropy String",
        "filename": "results/full_eval/gpt-4o-mini_D6_run1.json",
        "hashed_secret": "777779909cfb6c16ff0780388f01fc915480a203",
        "is_verified": false,
        "line_number": 12157
      }
    ],
    "results/full_eval/gpt-4o-mini_D7_run1.json": [
      {
        "type": "Base64 High Entropy String",
        "filename": "results/full_eval/gpt-4o-mini_D7_run1.json",
        "hashed_secret": "9407769eaa21409e0f564cc7b664fed78d4edaaf",
        "is_verified": false,
        "line_number": 1698
      },
      {
        "type": "Base64 High Entropy String",
        "filename": "results/full_eval/gpt-4o-mini_D7_run1.json",
        "hashed_secret": "11f8a0556c0fe35e2a5ae66a3bba52836bfef5e1",
        "is_verified": false,
        "line_number": 4253
      },
      {
        "type": "Base64 High Entropy String",
        "filename": "results/full_eval/gpt-4o-mini_D7_run1.json",
        "hashed_secret": "8dde4beea13c5d7be03afb81346062e635369e10",
        "is_verified": false,
        "line_number": 4423
      },
      {
        "type": "Base64 High Entropy String",
        "filename": "results/full_eval/gpt-4o-mini_D7_run1.json",
        "hashed_secret": "aa9bbdb2a7fd356c561b2aedff527a93b17dab7c",
        "is_verified": false,
        "line_number": 4427
      },
      {
        "type": "Base64 High Entropy String",
        "filename": "results/full_eval/gpt-4o-mini_D7_run1.json",
        "hashed_secret": "44c7cf932020c45b6a7c5155f2f9d96519526f11",
        "is_verified": false,
        "line_number": 10691
      },
      {
        "type": "Base64 High Entropy String",
        "filename": "results/full_eval/gpt-4o-mini_D7_run1.json",
        "hashed_secret": "c486a2fdf48ca48e20392ce8c22ba5615679cf65",
        "is_verified": false,
        "line_number": 11562
      },
      {
        "type": "Base64 High Entropy String",
        "filename": "results/full_eval/gpt-4o-mini_D7_run1.json",
        "hashed_secret": "1ccbfaa1297008ac49e1e88d14bb3936e0259f4b",
        "is_verified": false,
        "line_number": 12086
      },
      {
        "type": "Base64 High Entropy String",
        "filename": "results/full_eval/gpt-4o-mini_D7_run1.json",
        "hashed_secret": "c63e38f2c91bfbafc3a151bccf4902ae5128e20d",
        "is_verified": false,
        "line_number": 12089
      }
    ],
    "results/full_eval/gpt-4o_D0_run1.json": [
      {
        "type": "Base64 High Entropy String",
        "filename": "results/full_eval/gpt-4o_D0_run1.json",
        "hashed_secret": "8dde4beea13c5d7be03afb81346062e635369e10",
        "is_verified": false,
        "line_number": 1487
      },
      {
        "type": "Base64 High Entropy String",
        "filename": "results/full_eval/gpt-4o_D0_run1.json",
        "hashed_secret": "11f8a0556c0fe35e2a5ae66a3bba52836bfef5e1",
        "is_verified": false,
        "line_number": 3875
      },
      {
        "type": "Base64 High Entropy String",
        "filename": "results/full_eval/gpt-4o_D0_run1.json",
        "hashed_secret": "aa9bbdb2a7fd356c561b2aedff527a93b17dab7c",
        "is_verified": false,
        "line_number": 4034
      },
      {
        "type": "Base64 High Entropy String",
        "filename": "results/full_eval/gpt-4o_D0_run1.json",
        "hashed_secret": "44c7cf932020c45b6a7c5155f2f9d96519526f11",
        "is_verified": false,
        "line_number": 6331
      },
      {
        "type": "Base64 High Entropy String",
        "filename": "results/full_eval/gpt-4o_D0_run1.json",
        "hashed_secret": "1ccbfaa1297008ac49e1e88d14bb3936e0259f4b",
        "is_verified": false,
        "line_number": 7366
      },
      {
        "type": "Base64 High Entropy String",
        "filename": "results/full_eval/gpt-4o_D0_run1.json",
        "hashed_secret": "c63e38f2c91bfbafc3a151bccf4902ae5128e20d",
        "is_verified": false,
        "line_number": 7369
      },
      {
        "type": "Base64 High Entropy String",
        "filename": "results/full_eval/gpt-4o_D0_run1.json",
        "hashed_secret": "b211b43b9852a58e499430803f9e0954a5170954",
        "is_verified": false,
        "line_number": 9205
      },
      {
        "type": "Secret Keyword",
        "filename": "results/full_eval/gpt-4o_D0_run1.json",
        "hashed_secret": "dee81e7c5c34ddc8bc53cef591410d3db6dacd46",
        "is_verified": false,
        "line_number": 10266
      }
    ],
    "results/full_eval/gpt-4o_D2_run1.json": [
      {
        "type": "Base64 High Entropy String",
        "filename": "results/full_eval/gpt-4o_D2_run1.json",
        "hashed_secret": "11f8a0556c0fe35e2a5ae66a3bba52836bfef5e1",
        "is_verified": false,
        "line_number": 3794
      },
      {
        "type": "Base64 High Entropy String",
        "filename": "results/full_eval/gpt-4o_D2_run1.json",
        "hashed_secret": "44c7cf932020c45b6a7c5155f2f9d96519526f11",
        "is_verified": false,
        "line_number": 3807
      },
      {
        "type": "Base64 High Entropy String",
        "filename": "results/full_eval/gpt-4o_D2_run1.json",
        "hashed_secret": "8dde4beea13c5d7be03afb81346062e635369e10",
        "is_verified": false,
        "line_number": 4036
      },
      {
        "type": "Base64 High Entropy String",
        "filename": "results/full_eval/gpt-4o_D2_run1.json",
        "hashed_secret": "1ccbfaa1297008ac49e1e88d14bb3936e0259f4b",
        "is_verified": false,
        "line_number": 8944
      },
      {
        "type": "Base64 High Entropy String",
        "filename": "results/full_eval/gpt-4o_D2_run1.json",
        "hashed_secret": "234e52bcaa4195914150409ac7fba61b15f4e6ef",
        "is_verified": false,
        "line_number": 10083
      }
    ],
    "results/full_eval/gpt-4o_D3_run1.json": [
      {
        "type": "Base64 High Entropy String",
        "filename": "results/full_eval/gpt-4o_D3_run1.json",
        "hashed_secret": "8dde4beea13c5d7be03afb81346062e635369e10",
        "is_verified": false,
        "line_number": 1519
      },
      {
        "type": "Base64 High Entropy String",
        "filename": "results/full_eval/gpt-4o_D3_run1.json",
        "hashed_secret": "11f8a0556c0fe35e2a5ae66a3bba52836bfef5e1",
        "is_verified": false,
        "line_number": 4014
      },
      {
        "type": "Base64 High Entropy String",
        "filename": "results/full_eval/gpt-4o_D3_run1.json",
        "hashed_secret": "aa9bbdb2a7fd356c561b2aedff527a93b17dab7c",
        "is_verified": false,
        "line_number": 4158
      },
      {
        "type": "Base64 High Entropy String",
        "filename": "results/full_eval/gpt-4o_D3_run1.json",
        "hashed_secret": "44c7cf932020c45b6a7c5155f2f9d96519526f11",
        "is_verified": false,
        "line_number": 6383
      },
      {
        "type": "Base64 High Entropy String",
        "filename": "results/full_eval/gpt-4o_D3_run1.json",
        "hashed_secret": "b211b43b9852a58e499430803f9e0954a5170954",
        "is_verified": false,
        "line_number": 7452
      },
      {
        "type": "Base64 High Entropy String",
        "filename": "results/full_eval/gpt-4o_D3_run1.json",
        "hashed_secret": "1ccbfaa1297008ac49e1e88d14bb3936e0259f4b",
        "is_verified": false,
        "line_number": 7799
      },
      {
        "type": "Base64 High Entropy String",
        "filename": "results/full_eval/gpt-4o_D3_run1.json",
        "hashed_secret": "c63e38f2c91bfbafc3a151bccf4902ae5128e20d",
        "is_verified": false,
        "line_number": 7801
      }
    ],
    "results/full_eval/gpt-4o_D4_run1.json": [
      {
        "type": "Base64 High Entropy String",
        "filename": "results/full_eval/gpt-4o_D4_run1.json",
        "hashed_secret": "11f8a0556c0fe35e2a5ae66a3bba52836bfef5e1",
        "is_verified": false,
        "line_number": 3886
      },
      {
        "type": "Base64 High Entropy String",
        "filename": "results/full_eval/gpt-4o_D4_run1.json",
        "hashed_secret": "8dde4beea13c5d7be03afb81346062e635369e10",
        "is_verified": false,
        "line_number": 4026
      },
      {
        "type": "Base64 High Entropy String",
        "filename": "results/full_eval/gpt-4o_D4_run1.json",
        "hashed_secret": "44c7cf932020c45b6a7c5155f2f9d96519526f11",
        "is_verified": false,
        "line_number": 7889
      },
      {
        "type": "Base64 High Entropy String",
        "filename": "results/full_eval/gpt-4o_D4_run1.json",
        "hashed_secret": "aa9bbdb2a7fd356c561b2aedff527a93b17dab7c",
        "is_verified": false,
        "line_number": 8610
      },
      {
        "type": "Base64 High Entropy String",
        "filename": "results/full_eval/gpt-4o_D4_run1.json",
        "hashed_secret": "1ccbfaa1297008ac49e1e88d14bb3936e0259f4b",
        "is_verified": false,
        "line_number": 8953
      },
      {
        "type": "Base64 High Entropy String",
        "filename": "results/full_eval/gpt-4o_D4_run1.json",
        "hashed_secret": "234e52bcaa4195914150409ac7fba61b15f4e6ef",
        "is_verified": false,
        "line_number": 10120
      }
    ],
    "results/full_eval/gpt-4o_D5_run1.json": [
      {
        "type": "Base64 High Entropy String",
        "filename": "results/full_eval/gpt-4o_D5_run1.json",
        "hashed_secret": "1ccbfaa1297008ac49e1e88d14bb3936e0259f4b",
        "is_verified": false,
        "line_number": 5092
      }
    ],
    "results/full_eval/gpt-4o_D6_run1.json": [
      {
        "type": "Base64 High Entropy String",
        "filename": "results/full_eval/gpt-4o_D6_run1.json",
        "hashed_secret": "11f8a0556c0fe35e2a5ae66a3bba52836bfef5e1",
        "is_verified": false,
        "line_number": 3894
      },
      {
        "type": "Base64 High Entropy String",
        "filename": "results/full_eval/gpt-4o_D6_run1.json",
        "hashed_secret": "8dde4beea13c5d7be03afb81346062e635369e10",
        "is_verified": false,
        "line_number": 4081
      },
      {
        "type": "Base64 High Entropy String",
        "filename": "results/full_eval/gpt-4o_D6_run1.json",
        "hashed_secret": "44c7cf932020c45b6a7c5155f2f9d96519526f11",
        "is_verified": false,
        "line_number": 6374
      },
      {
        "type": "Base64 High Entropy String",
        "filename": "results/full_eval/gpt-4o_D6_run1.json",
        "hashed_secret": "1ccbfaa1297008ac49e1e88d14bb3936e0259f4b",
        "is_verified": false,
        "line_number": 7886
      },
      {
        "type": "Secret Keyword",
        "filename": "results/full_eval/gpt-4o_D6_run1.json",
        "hashed_secret": "dee81e7c5c34ddc8bc53cef591410d3db6dacd46",
        "is_verified": false,
        "line_number": 10343
      }
    ],
    "results/full_eval/gpt-4o_D7_run1.json": [
      {
        "type": "Base64 High Entropy String",
        "filename": "results/full_eval/gpt-4o_D7_run1.json",
        "hashed_secret": "8dde4beea13c5d7be03afb81346062e635369e10",
        "is_verified": false,
        "line_number": 1499
      },
      {
        "type": "Base64 High Entropy String",
        "filename": "results/full_eval/gpt-4o_D7_run1.json",
        "hashed_secret": "11f8a0556c0fe35e2a5ae66a3bba52836bfef5e1",
        "is_verified": false,
        "line_number": 3875
      },
      {
        "type": "Base64 High Entropy String",
        "filename": "results/full_eval/gpt-4o_D7_run1.json",
        "hashed_secret": "aa9bbdb2a7fd356c561b2aedff527a93b17dab7c",
        "is_verified": false,
        "line_number": 4049
      },
      {
        "type": "Base64 High Entropy String",
        "filename": "results/full_eval/gpt-4o_D7_run1.json",
        "hashed_secret": "44c7cf932020c45b6a7c5155f2f9d96519526f11",
        "is_verified": false,
        "line_number": 6201
      },
      {
        "type": "Base64 High Entropy String",
        "filename": "results/full_eval/gpt-4o_D7_run1.json",
        "hashed_secret": "1ccbfaa1297008ac49e1e88d14bb3936e0259f4b",
        "is_verified": false,
        "line_number": 7662
      },
      {
        "type": "Base64 High Entropy String",
        "filename": "results/full_eval/gpt-4o_D7_run1.json",
        "hashed_secret": "c63e38f2c91bfbafc3a151bccf4902ae5128e20d",
        "is_verified": false,
        "line_number": 7664
      },
      {
        "type": "Base64 High Entropy String",
        "filename": "results/full_eval/gpt-4o_D7_run1.json",
        "hashed_secret": "b211b43b9852a58e499430803f9e0954a5170954",
        "is_verified": false,
        "line_number": 9152
      }
    ],
    "src/agent_security_sandbox/tools/file.py": [
      {
        "type": "Base64 High Entropy String",
        "filename": "src/agent_security_sandbox/tools/file.py",
        "hashed_secret": "777779909cfb6c16ff0780388f01fc915480a203",
        "is_verified": false,
        "line_number": 19
      }
    ],
    "tests/test_llm_client.py": [
      {
        "type": "Secret Keyword",
        "filename": "tests/test_llm_client.py",
        "hashed_secret": "6a7087481b65a934d9f1986d6313216eb1565b87",
        "is_verified": false,
        "line_number": 175
      }
    ]
  },
  "generated_at": "2026-04-04T18:11:36Z"
}
